=== старт публикации 23:09:49 ===
🎬 Готовлю форматы (длина 92.1с)…
   пост: 129M | TG-пост:  46M | история:  22M

📢 ПОСТЫ:
— Telegram канал…
TG post OK ✓ message_id: 21
— ВК стена…
1/3 video.save…
2/3 загрузка файла…
   загружено: video-240321169_456239050 https://vk.com/video-240321169_456239050
3/3 wall.post…
ГОТОВО ✓
  видео: https://vk.com/video-240321169_456239050
  пост: https://vk.com/wall-240321169_24
— Instagram Reels…
1/4 загрузка видео на хостинг…
   видео: https://h.uguu.se/ayuOVByi.mp4
2/4 создание media-контейнера…
   creation_id: 18325978822272210
3/4 обработка видео Instagram…
   [0] IN_PROGRESS — In Progress: Media is still being processed.
   [1] IN_PROGRESS — In Progress: Media is still being processed.
   [2] IN_PROGRESS — In Progress: Media is still being processed.
   [3] IN_PROGRESS — In Progress: Media is still being processed.
   [4] IN_PROGRESS — In Progress: Media is still being processed.
   [5] IN_PROGRESS — In Progress: Media is still being processed.
   [6] IN_PROGRESS — In Progress: Media is still being processed.
   [7] IN_PROGRESS — In Progress: Media is still being processed.
   [8] FINISHED — Finished: Media has been uploaded and it is ready to be published.
4/4 публикация…
ГОТОВО ✓ опубликовано в Instagram, media id: 18091364774385719
  ⚠ коллабов через API нет — добавь вручную: Изменить рилс → Пригласить соавтора

📸 ИСТОРИИ:
— Telegram страница…
TG story OK ✓ id: 370
— ВК сообщество…
1/2 загрузка видео истории…
2/2 готово ✓ история опубликована в ВК-сообщество
   ответ: {"response":{"upload_result":"go_da47e364203f0febabb05ce24d835a1723e5d66551bd618e014a7d7bd0ff6d19"}}
— Instagram история…
1/4 загрузка видео на хостинг…
   видео: https://d.uguu.se/MMZLdokz.mp4
2/4 создание story-контейнера…
3/4 обработка видео Instagram…
4/4 публикация истории…
IG story OK ✓ media id: 18406962697157476

✅ Готово. Проверь публикации. Коллаб в IG (dva.proraba/tilernso) — добавь вручную, API не умеет.
